========================================
CRM Backend API Tests
========================================

ظ£ô Health Check: Server is OK
ظ£ô Login: Successfully logged in
ظ£ô Get Contacts: Retrieved 4 contacts
ظ£ù Get Contacts (Delta Sync): Status: 500, Error: {"error":"Internal server error"}
ظ£ô Create Contact: Created contact with ID: 270a471a-534d-4816-b9b6-f673d9ac1a32
ظ£ô Batch Create Contacts: Created/Updated 2 contacts
ظ£ô Update Contact: Updated contact 270a471a-534d-4816-b9b6-f673d9ac1a32
ظ£ô Search Contacts: Found 5 contacts
ظ£ô Get Call Logs: Retrieved 0 call logs
ظ£ù Upload Call Logs: Status: 404, Response: {"error":"Route not found"}
ظ£ô Delete Contact: Deleted contact 270a471a-534d-4816-b9b6-f673d9ac1a32

========================================
Test Summary
========================================
ظ£ô Passed: 9
ظ£ù Failed: 2
ظأب Warnings: 0

Failed Tests:
  - Get Contacts (Delta Sync): Status: 500, Error: {"error":"Internal server error"}
  - Upload Call Logs: Status: 404, Response: {"error":"Route not found"}
